127.0.0.1 - - [11/May/2019:11:32:51 +0300] "GET / HTTP/1.1" 404 1074
127.0.0.1 - - [11/May/2019:11:32:52 +0300] "GET /006-JSPFormProcessing/index.html HTTP/1.1" 304 -
0:0:0:0:0:0:0:1 - - [11/May/2019:11:33:00 +0300] "GET /006-JSPFormProcessing/index.html HTTP/1.1" 304 -
0:0:0:0:0:0:0:1 - - [11/May/2019:11:33:01 +0300] "GET /favicon.ico HTTP/1.1" 404 1085
0:0:0:0:0:0:0:1 - - [11/May/2019:11:33:04 +0300] "GET /006-JSPFormProcessing/findbyname.jsp HTTP/1.1" 200 252
0:0:0:0:0:0:0:1 - - [11/May/2019:11:33:07 +0300] "POST /006-JSPFormProcessing/findbyname.jsp HTTP/1.1" 200 503
0:0:0:0:0:0:0:1 - - [11/May/2019:11:33:26 +0300] "POST /006-JSPFormProcessing/findbyname.jsp HTTP/1.1" 200 445
0:0:0:0:0:0:0:1 - - [11/May/2019:11:33:30 +0300] "POST /006-JSPFormProcessing/findbyname.jsp HTTP/1.1" 200 381
0:0:0:0:0:0:0:1 - - [11/May/2019:11:33:36 +0300] "POST /006-JSPFormProcessing/findbyname.jsp HTTP/1.1" 200 449
0:0:0:0:0:0:0:1 - - [11/May/2019:11:33:43 +0300] "GET /006-JSPFormProcessing/findbyname.jsp HTTP/1.1" 200 252
0:0:0:0:0:0:0:1 - - [11/May/2019:11:33:45 +0300] "GET /006-JSPFormProcessing/deviceinfo.jsp HTTP/1.1" 200 407
0:0:0:0:0:0:0:1 - - [11/May/2019:11:34:02 +0300] "POST /006-JSPFormProcessing/savedevice.jsp HTTP/1.1" 200 745
0:0:0:0:0:0:0:1 - - [11/May/2019:11:34:38 +0300] "GET /006-JSPFormProcessing/findbyname.jsp HTTP/1.1" 200 252
0:0:0:0:0:0:0:1 - - [11/May/2019:11:34:44 +0300] "POST /006-JSPFormProcessing/findbyname.jsp HTTP/1.1" 200 446
192.168.2.238 - - [11/May/2019:11:35:11 +0300] "GET /006-JSPFormProcessing/findbyname.jsp HTTP/1.1" 200 252
192.168.2.238 - - [11/May/2019:11:35:11 +0300] "GET /favicon.ico HTTP/1.1" 404 1085
192.168.2.158 - - [11/May/2019:11:35:17 +0300] "GET / HTTP/1.1" 404 1074
192.168.2.158 - - [11/May/2019:11:35:17 +0300] "GET /favicon.ico HTTP/1.1" 404 1085
192.168.2.107 - - [11/May/2019:11:35:45 +0300] "GET /006-JSPFormProcessing/index.html HTTP/1.1" 200 221
192.168.2.107 - - [11/May/2019:11:35:45 +0300] "GET /favicon.ico HTTP/1.1" 404 1085
192.168.2.107 - - [11/May/2019:11:35:48 +0300] "GET /006-JSPFormProcessing/findbyname.jsp HTTP/1.1" 200 252
192.168.2.103 - - [11/May/2019:11:35:49 +0300] "GET /006-JSPFormProcessing/index.html HTTP/1.1" 200 221
192.168.2.103 - - [11/May/2019:11:35:49 +0300] "GET /favicon.ico HTTP/1.1" 404 1085
192.168.2.107 - - [11/May/2019:11:35:51 +0300] "POST /006-JSPFormProcessing/findbyname.jsp HTTP/1.1" 200 503
192.168.2.103 - - [11/May/2019:11:35:52 +0300] "GET /006-JSPFormProcessing/findbyname.jsp HTTP/1.1" 200 252
192.168.2.107 - - [11/May/2019:11:35:53 +0300] "GET /006-JSPFormProcessing/findbyname.jsp HTTP/1.1" 200 252
192.168.2.103 - - [11/May/2019:11:35:54 +0300] "POST /006-JSPFormProcessing/findbyname.jsp HTTP/1.1" 200 503
192.168.2.107 - - [11/May/2019:11:35:55 +0300] "GET /006-JSPFormProcessing/deviceinfo.jsp HTTP/1.1" 200 407
192.168.2.103 - - [11/May/2019:11:35:56 +0300] "GET /006-JSPFormProcessing/findbyname.jsp HTTP/1.1" 200 252
192.168.2.103 - - [11/May/2019:11:35:59 +0300] "GET /006-JSPFormProcessing/findbyname.jsp HTTP/1.1" 200 252
192.168.2.103 - - [11/May/2019:11:36:00 +0300] "POST /006-JSPFormProcessing/findbyname.jsp HTTP/1.1" 200 381
192.168.2.103 - - [11/May/2019:11:36:02 +0300] "POST /006-JSPFormProcessing/findbyname.jsp HTTP/1.1" 200 381
192.168.2.107 - - [11/May/2019:11:36:04 +0300] "POST /006-JSPFormProcessing/savedevice.jsp HTTP/1.1" 200 805
192.168.2.107 - - [11/May/2019:11:36:10 +0300] "POST /006-JSPFormProcessing/savedevice.jsp HTTP/1.1" 200 868
192.168.2.158 - - [11/May/2019:11:36:11 +0300] "GET /006-JSPFormProcessing/index.html HTTP/1.1" 200 221
192.168.2.158 - - [11/May/2019:11:36:14 +0300] "GET /006-JSPFormProcessing/findbyname.jsp HTTP/1.1" 200 252
192.168.2.103 - - [11/May/2019:11:36:19 +0300] "POST /006-JSPFormProcessing/findbyname.jsp HTTP/1.1" 200 381
192.168.2.174 - - [11/May/2019:11:36:21 +0300] "GET / HTTP/1.1" 404 1074
192.168.2.174 - - [11/May/2019:11:36:22 +0300] "GET /favicon.ico HTTP/1.1" 404 1085
192.168.2.107 - - [11/May/2019:11:36:30 +0300] "POST /006-JSPFormProcessing/savedevice.jsp HTTP/1.1" 200 943
192.168.2.103 - - [11/May/2019:11:36:33 +0300] "GET /006-JSPFormProcessing/findbyname.jsp HTTP/1.1" 200 252
192.168.2.158 - - [11/May/2019:11:36:35 +0300] "POST /006-JSPFormProcessing/findbyname.jsp HTTP/1.1" 200 381
192.168.2.103 - - [11/May/2019:11:36:36 +0300] "GET /006-JSPFormProcessing/findbyname.jsp HTTP/1.1" 200 252
192.168.2.103 - - [11/May/2019:11:36:38 +0300] "GET /006-JSPFormProcessing/deviceinfo.jsp HTTP/1.1" 200 407
192.168.2.248 - - [11/May/2019:11:36:39 +0300] "GET /006-JSPFormProcessing/index.html HTTP/1.1" 200 221
192.168.2.248 - - [11/May/2019:11:36:39 +0300] "GET /favicon.ico HTTP/1.1" 404 1085
192.168.2.158 - - [11/May/2019:11:36:40 +0300] "POST /006-JSPFormProcessing/findbyname.jsp HTTP/1.1" 200 503
192.168.2.248 - - [11/May/2019:11:36:40 +0300] "GET /006-JSPFormProcessing/findbyname.jsp HTTP/1.1" 200 252
192.168.2.248 - - [11/May/2019:11:36:44 +0300] "POST /006-JSPFormProcessing/findbyname.jsp HTTP/1.1" 200 503
192.168.2.248 - - [11/May/2019:11:36:49 +0300] "GET /006-JSPFormProcessing/findbyname.jsp HTTP/1.1" 200 252
192.168.2.174 - - [11/May/2019:11:36:50 +0300] "GET /006 HTTP/1.1" 404 1077
192.168.2.158 - - [11/May/2019:11:36:50 +0300] "POST /006-JSPFormProcessing/findbyname.jsp HTTP/1.1" 200 445
192.168.2.248 - - [11/May/2019:11:36:50 +0300] "GET /006-JSPFormProcessing/deviceinfo.jsp HTTP/1.1" 200 407
192.168.2.158 - - [11/May/2019:11:36:58 +0300] "POST /006-JSPFormProcessing/findbyname.jsp HTTP/1.1" 200 446
192.168.2.244 - - [11/May/2019:11:37:12 +0300] "GET /006-JSPFormProcessing/index.htlm HTTP/1.1" 404 1110
192.168.2.244 - - [11/May/2019:11:37:13 +0300] "GET /favicon.ico HTTP/1.1" 404 1085
192.168.2.248 - - [11/May/2019:11:37:13 +0300] "GET /006-JSPFormProcessing/findbyname.jsp HTTP/1.1" 200 252
192.168.2.248 - - [11/May/2019:11:37:16 +0300] "POST /006-JSPFormProcessing/findbyname.jsp HTTP/1.1" 200 381
192.168.2.169 - - [11/May/2019:11:37:19 +0300] "GET / HTTP/1.1" 404 1074
192.168.2.169 - - [11/May/2019:11:37:19 +0300] "GET /favicon.ico HTTP/1.1" 404 1085
192.168.2.248 - - [11/May/2019:11:37:20 +0300] "POST /006-JSPFormProcessing/findbyname.jsp HTTP/1.1" 200 381
192.168.2.169 - - [11/May/2019:11:37:22 +0300] "GET /006-JSPFormProcessing/savedevice HTTP/1.1" 404 1110
192.168.2.169 - - [11/May/2019:11:37:22 +0300] "GET /favicon.ico HTTP/1.1" 404 1085
192.168.2.118 - - [11/May/2019:11:37:24 +0300] "GET /006-JSPFormProcessing/index.html HTTP/1.1" 200 221
192.168.2.118 - - [11/May/2019:11:37:24 +0300] "GET /favicon.ico HTTP/1.1" 404 1085
192.168.2.248 - - [11/May/2019:11:37:24 +0300] "POST /006-JSPFormProcessing/findbyname.jsp HTTP/1.1" 200 381
192.168.2.118 - - [11/May/2019:11:37:28 +0300] "GET /006-JSPFormProcessing/deviceinfo.jsp HTTP/1.1" 200 407
192.168.2.248 - - [11/May/2019:11:37:29 +0300] "POST /006-JSPFormProcessing/findbyname.jsp HTTP/1.1" 200 503
192.168.2.238 - - [11/May/2019:11:37:29 +0300] "GET /006-JSPFormProcessing/index.html HTTP/1.1" 200 221
192.168.2.169 - - [11/May/2019:11:37:31 +0300] "GET /006-JSPFormProcessing/index.html HTTP/1.1" 200 221
192.168.2.169 - - [11/May/2019:11:37:31 +0300] "GET /favicon.ico HTTP/1.1" 404 1085
192.168.2.169 - - [11/May/2019:11:37:32 +0300] "GET /006-JSPFormProcessing/deviceinfo.jsp HTTP/1.1" 200 407
192.168.2.169 - - [11/May/2019:11:37:33 +0300] "GET /favicon.ico HTTP/1.1" 404 1085
192.168.2.248 - - [11/May/2019:11:37:37 +0300] "GET /006-JSPFormProcessing/findbyname.jsp HTTP/1.1" 200 252
192.168.2.248 - - [11/May/2019:11:37:39 +0300] "GET /006-JSPFormProcessing/deviceinfo.jsp HTTP/1.1" 200 407
192.168.2.248 - - [11/May/2019:11:37:51 +0300] "POST /006-JSPFormProcessing/savedevice.jsp HTTP/1.1" 200 998
192.168.2.118 - - [11/May/2019:11:37:57 +0300] "POST /006-JSPFormProcessing/savedevice.jsp HTTP/1.1" 200 1075
192.168.2.244 - - [11/May/2019:11:37:59 +0300] "-" 400 2286
192.168.2.244 - - [11/May/2019:11:37:59 +0300] "-" 400 2286
192.168.2.244 - - [11/May/2019:11:37:59 +0300] "-" 400 2286
192.168.2.248 - - [11/May/2019:11:38:08 +0300] "GET /006-JSPFormProcessing/findbyname.jsp HTTP/1.1" 200 252
192.168.2.244 - - [11/May/2019:11:38:09 +0300] "GET /006-JSPFormProcessing/index.htlm HTTP/1.1" 404 1110
192.168.2.248 - - [11/May/2019:11:38:12 +0300] "POST /006-JSPFormProcessing/findbyname.jsp HTTP/1.1" 200 443
192.168.2.160 - - [11/May/2019:11:38:27 +0300] "GET /006-JSPFormProcessing/index.html HTTP/1.1" 200 221
192.168.2.107 - - [11/May/2019:11:38:27 +0300] "POST /006-JSPFormProcessing/savedevice.jsp HTTP/1.1" 200 1145
192.168.2.160 - - [11/May/2019:11:38:27 +0300] "GET /favicon.ico HTTP/1.1" 404 1085
192.168.2.160 - - [11/May/2019:11:38:29 +0300] "GET /006-JSPFormProcessing/findbyname.jsp HTTP/1.1" 200 252
192.168.2.159 - - [11/May/2019:11:38:33 +0300] "GET /006-JSPFormProcessing/index.html HTTP/1.1" 200 221
192.168.2.159 - - [11/May/2019:11:38:33 +0300] "GET /favicon.ico HTTP/1.1" 404 1085
192.168.2.159 - - [11/May/2019:11:38:36 +0300] "GET /006-JSPFormProcessing/findbyname.jsp HTTP/1.1" 200 252
192.168.2.160 - - [11/May/2019:11:38:36 +0300] "POST /006-JSPFormProcessing/findbyname.jsp HTTP/1.1" 200 449
192.168.2.159 - - [11/May/2019:11:38:44 +0300] "POST /006-JSPFormProcessing/findbyname.jsp HTTP/1.1" 200 503
192.168.2.159 - - [11/May/2019:11:38:51 +0300] "GET /006-JSPFormProcessing/findbyname.jsp HTTP/1.1" 200 252
192.168.2.107 - - [11/May/2019:11:38:52 +0300] "POST /006-JSPFormProcessing/savedevice.jsp HTTP/1.1" 200 1219
192.168.2.159 - - [11/May/2019:11:38:53 +0300] "GET /006-JSPFormProcessing/deviceinfo.jsp HTTP/1.1" 200 407
192.168.2.244 - - [11/May/2019:11:39:10 +0300] "GET /006-JSPFormProcessing/index.html HTTP/1.1" 200 221
192.168.2.244 - - [11/May/2019:11:39:15 +0300] "GET /006-JSPFormProcessing/deviceinfo.jsp HTTP/1.1" 200 407
192.168.2.107 - - [11/May/2019:11:39:19 +0300] "POST /006-JSPFormProcessing/savedevice.jsp HTTP/1.1" 200 1278
192.168.2.159 - - [11/May/2019:11:39:23 +0300] "POST /006-JSPFormProcessing/savedevice.jsp HTTP/1.1" 200 1344
192.168.2.248 - - [11/May/2019:11:39:30 +0300] "GET /006-JSPFormProcessing/findbyname.jsp HTTP/1.1" 200 252
192.168.2.248 - - [11/May/2019:11:39:32 +0300] "GET /006-JSPFormProcessing/findbyname.jsp HTTP/1.1" 200 252
192.168.2.248 - - [11/May/2019:11:39:32 +0300] "POST /006-JSPFormProcessing/findbyname.jsp HTTP/1.1" 200 381
192.168.2.174 - - [11/May/2019:11:39:35 +0300] "GET /006-JSFFormProcesing/index.html HTTP/1.1" 404 1109
192.168.2.248 - - [11/May/2019:11:39:35 +0300] "GET /006-JSPFormProcessing/findbyname.jsp HTTP/1.1" 200 252
192.168.2.174 - - [11/May/2019:11:39:36 +0300] "GET /favicon.ico HTTP/1.1" 404 1085
192.168.2.107 - - [11/May/2019:11:40:03 +0300] "GET /006-JSPFormProcessing/deviceform.jsp HTTP/1.1" 404 1114
192.168.2.174 - - [11/May/2019:11:40:08 +0300] "GET /006-JSFFormProcesing/index.html HTTP/1.1" 404 1109
192.168.2.107 - - [11/May/2019:11:40:11 +0300] "GET /006-JSPFormProcessing/deviceinfo.jsp HTTP/1.1" 200 407
192.168.2.174 - - [11/May/2019:11:40:11 +0300] "GET /006-JSFFormProcesing/index.html HTTP/1.1" 404 1109
192.168.2.169 - - [11/May/2019:11:40:13 +0300] "GET /006-JSPFormProcessing/findbyname.jsp HTTP/1.1" 200 252
192.168.2.169 - - [11/May/2019:11:40:13 +0300] "GET /favicon.ico HTTP/1.1" 404 1085
192.168.2.169 - - [11/May/2019:11:40:16 +0300] "POST /006-JSPFormProcessing/findbyname.jsp HTTP/1.1" 200 503
192.168.2.169 - - [11/May/2019:11:40:20 +0300] "POST /006-JSPFormProcessing/findbyname.jsp HTTP/1.1" 200 445
192.168.2.174 - - [11/May/2019:11:40:40 +0300] "GET /006-JSFFormProcesing/index.html HTTP/1.1" 404 1109
192.168.2.107 - - [11/May/2019:11:40:41 +0300] "POST /006-JSPFormProcessing/savedevice.jsp HTTP/1.1" 200 1416
192.168.2.169 - - [11/May/2019:11:40:46 +0300] "GET /favicon.ico HTTP/1.1" 404 1085
192.168.2.169 - - [11/May/2019:11:40:46 +0300] "GET /006-JSPFormProcessing/deviceinfo.jsp HTTP/1.1" 200 407
127.0.0.1 - - [11/May/2019:11:47:56 +0300] "GET / HTTP/1.1" 404 1074
192.168.2.238 - - [11/May/2019:11:48:06 +0300] "GET /006-JSPFormProcessing/index.jsp HTTP/1.1" 404 1109
127.0.0.1 - - [11/May/2019:11:48:52 +0300] "GET / HTTP/1.1" 404 1074
192.168.2.238 - - [11/May/2019:11:48:57 +0300] "GET /favicon.ico HTTP/1.1" 404 1085
192.168.2.238 - - [11/May/2019:11:49:00 +0300] "GET /006-JSPFormProcessing/index.html HTTP/1.1" 200 298
192.168.2.238 - - [11/May/2019:11:49:06 +0300] "GET /006-JSPFormProcessing/findbynamecontains.jsp HTTP/1.1" 200 252
192.168.2.238 - - [11/May/2019:11:49:10 +0300] "POST /006-JSPFormProcessing/findbynamecontains.jsp HTTP/1.1" 200 503
192.168.2.238 - - [11/May/2019:11:49:11 +0300] "GET /006-JSPFormProcessing/findbynamecontains.jsp HTTP/1.1" 200 252
192.168.2.238 - - [11/May/2019:11:49:13 +0300] "GET /006-JSPFormProcessing/findbyname.jsp HTTP/1.1" 200 252
192.168.2.238 - - [11/May/2019:11:49:16 +0300] "POST /006-JSPFormProcessing/findbyname.jsp HTTP/1.1" 200 503
192.168.2.238 - - [11/May/2019:11:49:26 +0300] "POST /006-JSPFormProcessing/findbyname.jsp HTTP/1.1" 200 381
192.168.2.238 - - [11/May/2019:11:49:31 +0300] "GET /006-JSPFormProcessing/findbyname.jsp HTTP/1.1" 200 252
192.168.2.238 - - [11/May/2019:11:49:34 +0300] "GET /006-JSPFormProcessing/deviceinfo.jsp HTTP/1.1" 200 407
192.168.2.238 - - [11/May/2019:11:49:51 +0300] "POST /006-JSPFormProcessing/savedevice.jsp HTTP/1.1" 200 1483
192.168.2.238 - - [11/May/2019:11:50:04 +0300] "GET /006-JSPFormProcessing/findbyname.jsp HTTP/1.1" 200 252
192.168.2.238 - - [11/May/2019:11:50:07 +0300] "POST /006-JSPFormProcessing/findbyname.jsp HTTP/1.1" 200 503
192.168.2.238 - - [11/May/2019:11:50:08 +0300] "GET /006-JSPFormProcessing/findbyname.jsp HTTP/1.1" 200 252
192.168.2.238 - - [11/May/2019:11:50:11 +0300] "GET /006-JSPFormProcessing/findbynamecontains.jsp HTTP/1.1" 200 252
192.168.2.238 - - [11/May/2019:11:50:14 +0300] "POST /006-JSPFormProcessing/findbynamecontains.jsp HTTP/1.1" 200 503
127.0.0.1 - - [11/May/2019:11:53:00 +0300] "GET / HTTP/1.1" 404 1074
127.0.0.1 - - [11/May/2019:11:53:00 +0300] "GET /006-JSPFormProcessing/WEB-INF/classes/org/csystem/deviceapp/repository/DeviceRepository.java HTTP/1.1" 404 1047
192.168.2.238 - - [11/May/2019:11:53:08 +0300] "GET /006-JSPFormProcessing/index.html HTTP/1.1" 304 -
192.168.2.238 - - [11/May/2019:11:53:10 +0300] "GET /006-JSPFormProcessing/findbyname.jsp HTTP/1.1" 200 252
192.168.2.238 - - [11/May/2019:11:53:15 +0300] "POST /006-JSPFormProcessing/findbyname.jsp HTTP/1.1" 200 503
192.168.2.238 - - [11/May/2019:11:53:16 +0300] "GET /006-JSPFormProcessing/findbyname.jsp HTTP/1.1" 200 252
192.168.2.238 - - [11/May/2019:11:53:18 +0300] "GET /006-JSPFormProcessing/findbynamecontains.jsp HTTP/1.1" 200 252
192.168.2.238 - - [11/May/2019:11:53:21 +0300] "POST /006-JSPFormProcessing/findbynamecontains.jsp HTTP/1.1" 200 636
192.168.2.103 - - [11/May/2019:11:54:01 +0300] "GET /006-JSPFormProcessing/deviceinfo.jsp HTTP/1.1" 200 407
192.168.2.169 - - [11/May/2019:11:54:03 +0300] "GET / HTTP/1.1" 404 1074
192.168.2.169 - - [11/May/2019:11:54:03 +0300] "GET /favicon.ico HTTP/1.1" 404 1085
192.168.2.248 - - [11/May/2019:11:54:05 +0300] "GET /006-JSPFormProcessing/index.html HTTP/1.1" 200 298
192.168.2.169 - - [11/May/2019:11:54:06 +0300] "GET /006-JSPFormProcessing/findbyname.jsp HTTP/1.1" 200 252
192.168.2.248 - - [11/May/2019:11:54:06 +0300] "GET /006-JSPFormProcessing/deviceinfo.jsp HTTP/1.1" 200 407
192.168.2.103 - - [11/May/2019:11:54:08 +0300] "POST /006-JSPFormProcessing/savedevice.jsp HTTP/1.1" 200 1552
192.168.2.238 - - [11/May/2019:11:54:14 +0300] "POST /006-JSPFormProcessing/findbynamecontains.jsp HTTP/1.1" 200 704
192.168.2.169 - - [11/May/2019:11:54:17 +0300] "GET /006-JSPFormProcessing/deviceinfo.jsp HTTP/1.1" 200 407
192.168.2.169 - - [11/May/2019:11:54:17 +0300] "GET /favicon.ico HTTP/1.1" 404 1085
192.168.2.169 - - [11/May/2019:11:54:38 +0300] "POST /006-JSPFormProcessing/savedevice.jsp HTTP/1.1" 200 1634
192.168.2.169 - - [11/May/2019:11:54:38 +0300] "GET /favicon.ico HTTP/1.1" 404 1085
192.168.2.244 - - [11/May/2019:11:54:46 +0300] "GET /006-JSPFormProcessing/deviceinfo.jsp HTTP/1.1" 200 407
192.168.2.238 - - [11/May/2019:11:54:54 +0300] "POST /006-JSPFormProcessing/findbynamecontains.jsp HTTP/1.1" 200 381
192.168.2.160 - - [11/May/2019:11:55:00 +0300] "GET /006-JSPFormProcessing/findbyname.jsp HTTP/1.1" 200 252
192.168.2.238 - - [11/May/2019:11:55:00 +0300] "POST /006-JSPFormProcessing/findbynamecontains.jsp HTTP/1.1" 200 780
192.168.2.160 - - [11/May/2019:11:55:16 +0300] "GET /006-JSPFormProcessing/index.jsp HTTP/1.1" 404 1109
192.168.2.160 - - [11/May/2019:11:55:26 +0300] "GET /006-JSPFormProcessing/deviceinfo.jsp HTTP/1.1" 200 407
192.168.2.160 - - [11/May/2019:11:55:38 +0300] "POST /006-JSPFormProcessing/savedevice.jsp HTTP/1.1" 200 1689
192.168.2.160 - - [11/May/2019:11:55:57 +0300] "GET /006-JSPFormProcessing/savedevice.html HTTP/1.1" 404 1115
192.168.2.160 - - [11/May/2019:11:56:18 +0300] "GET /006-JSPFormProcessing/deviceinfo.jsp HTTP/1.1" 200 407
127.0.0.1 - - [11/May/2019:11:58:47 +0300] "GET / HTTP/1.1" 404 1074
127.0.0.1 - - [11/May/2019:11:58:48 +0300] "GET /006-JSPFormProcessing/savedevice.jsp HTTP/1.1" 200 150
192.168.2.160 - - [11/May/2019:11:58:52 +0300] "GET /006-JSPFormProcessing/findbyname.html HTTP/1.1" 404 1115
192.168.2.238 - - [11/May/2019:11:59:00 +0300] "GET /006-JSPFormProcessing/index.html HTTP/1.1" 304 -
192.168.2.238 - - [11/May/2019:11:59:02 +0300] "GET /006-JSPFormProcessing/deviceinfo.jsp HTTP/1.1" 200 407
127.0.0.1 - - [11/May/2019:12:00:45 +0300] "GET / HTTP/1.1" 404 1074
127.0.0.1 - - [11/May/2019:12:00:49 +0300] "GET /006-JSPFormProcessing/findbyname.jsp HTTP/1.1" 200 252
127.0.0.1 - - [11/May/2019:12:00:52 +0300] "POST /006-JSPFormProcessing/findbyname.jsp HTTP/1.1" 500 4022
127.0.0.1 - - [11/May/2019:12:01:44 +0300] "GET / HTTP/1.1" 404 1074
127.0.0.1 - - [11/May/2019:12:01:47 +0300] "GET /006-JSPFormProcessing/findbyname.jsp HTTP/1.1" 200 252
127.0.0.1 - - [11/May/2019:12:01:50 +0300] "POST /006-JSPFormProcessing/findbyname.jsp HTTP/1.1" 200 503
127.0.0.1 - - [11/May/2019:12:06:44 +0300] "GET / HTTP/1.1" 404 1074
0:0:0:0:0:0:0:1 - - [11/May/2019:12:07:00 +0300] "GET /favicon.ico HTTP/1.1" 404 1085
0:0:0:0:0:0:0:1 - - [11/May/2019:12:07:02 +0300] "GET /006-JSPFormProcessing/index.html HTTP/1.1" 200 298
0:0:0:0:0:0:0:1 - - [11/May/2019:12:07:08 +0300] "GET /006-JSPFormProcessing/findbyname.jsp HTTP/1.1" 200 252
0:0:0:0:0:0:0:1 - - [11/May/2019:12:07:11 +0300] "POST /006-JSPFormProcessing/findbyname.jsp HTTP/1.1" 200 381
0:0:0:0:0:0:0:1 - - [11/May/2019:12:07:17 +0300] "POST /006-JSPFormProcessing/findbyname.jsp HTTP/1.1" 200 381
